// Jest Snapshot v1, https://goo.gl/fbAQLP

exports[`Pagination should render 1`] = `
<nav
  className="sc-bczRLJ wtnsX"
>
  <nav
    aria-label="Pagination Navigation"
  >
    <div
      className="pagination"
    >
      <button
        aria-label="Goto previous page, Page 1"
        className="arrow"
        onClick={[Function]}
      >
        Previous
      </button>
      <ul
        className="pagination-number"
      >
        <li
          aria-label="Goto Page 1"
          onClick={[Function]}
        >
          <span
            className="link-text"
          >
            1
          </span>
          <span>
            –
          </span>
        </li>
        <li
          aria-current="true"
          aria-label="Current Page, Page 2"
        >
          2
          <span>
            –
          </span>
        </li>
        <li
          aria-label="Goto Page 3"
          onClick={[Function]}
        >
          <span
            className="link-text"
          >
            3
          </span>
        </li>
        <li>
          …
        </li>
        <li
          aria-label="Goto Page 6"
          onClick={[Function]}
        >
          <span
            className="link-text"
          >
            6
          </span>
        </li>
      </ul>
      <button
        aria-label="Goto next page, Page 3"
        className="arrow"
        onClick={[Function]}
      >
        Next
      </button>
    </div>
  </nav>
</nav>
`;
