// Jest Snapshot v1, https://goo.gl/fbAQLP

exports[`App should render 1`] = `
<Fragment>
  <Head>
    <title>
      MHRA 
      MHRA
    </title>
    <meta
      content="base-uri 'self'; default-src 'self'; script-src 'self'; style-src 'self'; object-src 'none'; form-action 'self'; font-src 'self'; connect-src 'self'; img-src 'self';"
      httpEquiv="Content-Security-Policy-Report-Only"
    />
  </Head>
  <styled.div>
    <GlobalStyleComponent />
    <CookieBanner
      setStorageAllowed={[Function]}
      storageAllowed={true}
    />
    <header
      title="MHRA"
    />
    <styled.main />
    <Footer />
  </styled.div>
</Fragment>
`;
