// Jest Snapshot v1, https://goo.gl/fbAQLP

exports[`App should render 1`] = `
<Fragment>
  <Head>
    <title>
      MHRA 
      MHRA meta title
    </title>
  </Head>
  <styled.div>
    <Memo(l) />
    <CookieBanner
      setStorageAllowed={[Function]}
      storageAllowed={true}
    />
    <header
      title="MHRA"
    />
    <styled.main />
    <Footer />
  </styled.div>
</Fragment>
`;
