// Jest Snapshot v1, https://goo.gl/fbAQLP

exports[`Pdf should render 1`] = `
<section
  className="sc-bczRLJ bUvurH"
>
  <h2>
    Help viewing PDFs
  </h2>
  <ul>
    <li>
      <a
        href="https://helpx.adobe.com/support/acrobat.html"
        onClick={[Function]}
        rel="noopener noreferrer"
        target="_blank"
      >
        Help viewing PDF files
      </a>
    </li>
    <li>
      <a
        href="http://www.adobe.com/products/acrobat/readstep2.html"
        onClick={[Function]}
        rel="noopener noreferrer"
        target="_blank"
      >
        Download Acrobat reader for free
      </a>
    </li>
    <li>
      <a
        href="http://www.adobe.com/products/acrobat/access_onlinetools.html"
        onClick={[Function]}
        rel="noopener noreferrer"
        target="_blank"
      >
        Adobe text conversion tools
      </a>
    </li>
  </ul>
</section>
`;
