// Jest Snapshot v1, https://goo.gl/fbAQLP

exports[`Pdf should render 1`] = `
<styled.section>
  <h2>
    Help viewing PDFs
  </h2>
  <ul>
    <li>
      <OutboundLink
        eventLabel="Help viewing PDF files"
        onClick={null}
        target="_blank"
        to="https://helpx.adobe.com/support/acrobat.html"
        trackerNames={null}
      >
        Help viewing PDF files
      </OutboundLink>
    </li>
    <li>
      <OutboundLink
        eventLabel="Download Acrobat reader for free"
        onClick={null}
        target="_blank"
        to="http://www.adobe.com/products/acrobat/readstep2.html"
        trackerNames={null}
      >
        Download Acrobat reader for free
      </OutboundLink>
    </li>
    <li>
      <OutboundLink
        eventLabel="Adobe text conversion tools"
        onClick={null}
        target="_blank"
        to="http://www.adobe.com/products/acrobat/access_onlinetools.html"
        trackerNames={null}
      >
        Adobe text conversion tools
      </OutboundLink>
    </li>
  </ul>
</styled.section>
`;
