// Jest Snapshot v1, https://goo.gl/fbAQLP

exports[`DrugIndex should render 1`] = `
<styled.nav>
  <p
    className="horizontal"
  >
    Coffee
  </p>
  <ul
    className="horizontal"
  >
    <li
      className=""
      key="A0"
    >
      <Link
        href={
          Object {
            "query": Object {
              "index": true,
              "substance": "A",
            },
          }
        }
      >
        <a>
          A
           
        </a>
      </Link>
    </li>
    <li
      className=""
      key="B1"
    >
      <Link
        href={
          Object {
            "query": Object {
              "index": true,
              "substance": "B",
            },
          }
        }
      >
        <a>
          B
           
        </a>
      </Link>
    </li>
    <li
      className=""
      key="C2"
    >
      <Link
        href={
          Object {
            "query": Object {
              "index": true,
              "substance": "C",
            },
          }
        }
      >
        <a>
          C
           
        </a>
      </Link>
    </li>
    <li
      className=""
      key="D3"
    >
      <Link
        href={
          Object {
            "query": Object {
              "index": true,
              "substance": "D",
            },
          }
        }
      >
        <a>
          D
           
        </a>
      </Link>
    </li>
    <li
      className=""
      key="E4"
    >
      <Link
        href={
          Object {
            "query": Object {
              "index": true,
              "substance": "E",
            },
          }
        }
      >
        <a>
          E
           
        </a>
      </Link>
    </li>
    <li
      className=""
      key="F5"
    >
      <Link
        href={
          Object {
            "query": Object {
              "index": true,
              "substance": "F",
            },
          }
        }
      >
        <a>
          F
           
        </a>
      </Link>
    </li>
    <li
      className=""
      key="G6"
    >
      <Link
        href={
          Object {
            "query": Object {
              "index": true,
              "substance": "G",
            },
          }
        }
      >
        <a>
          G
           
        </a>
      </Link>
    </li>
    <li
      className=""
      key="H7"
    >
      <Link
        href={
          Object {
            "query": Object {
              "index": true,
              "substance": "H",
            },
          }
        }
      >
        <a>
          H
           
        </a>
      </Link>
    </li>
    <li
      className=""
      key="I8"
    >
      <Link
        href={
          Object {
            "query": Object {
              "index": true,
              "substance": "I",
            },
          }
        }
      >
        <a>
          I
           
        </a>
      </Link>
    </li>
    <li
      className=""
      key="J9"
    >
      <Link
        href={
          Object {
            "query": Object {
              "index": true,
              "substance": "J",
            },
          }
        }
      >
        <a>
          J
           
        </a>
      </Link>
    </li>
    <li
      className=""
      key="K10"
    >
      <Link
        href={
          Object {
            "query": Object {
              "index": true,
              "substance": "K",
            },
          }
        }
      >
        <a>
          K
           
        </a>
      </Link>
    </li>
    <li
      className=""
      key="L11"
    >
      <Link
        href={
          Object {
            "query": Object {
              "index": true,
              "substance": "L",
            },
          }
        }
      >
        <a>
          L
           
        </a>
      </Link>
    </li>
    <li
      className=""
      key="M12"
    >
      <Link
        href={
          Object {
            "query": Object {
              "index": true,
              "substance": "M",
            },
          }
        }
      >
        <a>
          M
           
        </a>
      </Link>
    </li>
    <li
      className=""
      key="N13"
    >
      <Link
        href={
          Object {
            "query": Object {
              "index": true,
              "substance": "N",
            },
          }
        }
      >
        <a>
          N
           
        </a>
      </Link>
    </li>
    <li
      className=""
      key="O14"
    >
      <Link
        href={
          Object {
            "query": Object {
              "index": true,
              "substance": "O",
            },
          }
        }
      >
        <a>
          O
           
        </a>
      </Link>
    </li>
    <li
      className=""
      key="P15"
    >
      <Link
        href={
          Object {
            "query": Object {
              "index": true,
              "substance": "P",
            },
          }
        }
      >
        <a>
          P
           
        </a>
      </Link>
    </li>
    <li
      className=""
      key="Q16"
    >
      <Link
        href={
          Object {
            "query": Object {
              "index": true,
              "substance": "Q",
            },
          }
        }
      >
        <a>
          Q
           
        </a>
      </Link>
    </li>
    <li
      className=""
      key="R17"
    >
      <Link
        href={
          Object {
            "query": Object {
              "index": true,
              "substance": "R",
            },
          }
        }
      >
        <a>
          R
           
        </a>
      </Link>
    </li>
    <li
      className=""
      key="S18"
    >
      <Link
        href={
          Object {
            "query": Object {
              "index": true,
              "substance": "S",
            },
          }
        }
      >
        <a>
          S
           
        </a>
      </Link>
    </li>
    <li
      className=""
      key="T19"
    >
      <Link
        href={
          Object {
            "query": Object {
              "index": true,
              "substance": "T",
            },
          }
        }
      >
        <a>
          T
           
        </a>
      </Link>
    </li>
    <li
      className=""
      key="U20"
    >
      <Link
        href={
          Object {
            "query": Object {
              "index": true,
              "substance": "U",
            },
          }
        }
      >
        <a>
          U
           
        </a>
      </Link>
    </li>
    <li
      className=""
      key="V21"
    >
      <Link
        href={
          Object {
            "query": Object {
              "index": true,
              "substance": "V",
            },
          }
        }
      >
        <a>
          V
           
        </a>
      </Link>
    </li>
    <li
      className=""
      key="W22"
    >
      <Link
        href={
          Object {
            "query": Object {
              "index": true,
              "substance": "W",
            },
          }
        }
      >
        <a>
          W
           
        </a>
      </Link>
    </li>
    <li
      className=""
      key="X23"
    >
      <Link
        href={
          Object {
            "query": Object {
              "index": true,
              "substance": "X",
            },
          }
        }
      >
        <a>
          X
           
        </a>
      </Link>
    </li>
    <li
      className=""
      key="Y24"
    >
      <Link
        href={
          Object {
            "query": Object {
              "index": true,
              "substance": "Y",
            },
          }
        }
      >
        <a>
          Y
           
        </a>
      </Link>
    </li>
    <li
      className=""
      key="Z25"
    >
      <Link
        href={
          Object {
            "query": Object {
              "index": true,
              "substance": "Z",
            },
          }
        }
      >
        <a>
          Z
           
        </a>
      </Link>
    </li>
    <li
      className=""
      key="026"
    >
      <Link
        href={
          Object {
            "query": Object {
              "index": true,
              "substance": "0",
            },
          }
        }
      >
        <a>
          0
           
        </a>
      </Link>
    </li>
    <li
      className=""
      key="127"
    >
      <Link
        href={
          Object {
            "query": Object {
              "index": true,
              "substance": "1",
            },
          }
        }
      >
        <a>
          1
           
        </a>
      </Link>
    </li>
    <li
      className=""
      key="228"
    >
      <Link
        href={
          Object {
            "query": Object {
              "index": true,
              "substance": "2",
            },
          }
        }
      >
        <a>
          2
           
        </a>
      </Link>
    </li>
    <li
      className=""
      key="329"
    >
      <Link
        href={
          Object {
            "query": Object {
              "index": true,
              "substance": "3",
            },
          }
        }
      >
        <a>
          3
           
        </a>
      </Link>
    </li>
    <li
      className=""
      key="430"
    >
      <Link
        href={
          Object {
            "query": Object {
              "index": true,
              "substance": "4",
            },
          }
        }
      >
        <a>
          4
           
        </a>
      </Link>
    </li>
    <li
      className=""
      key="531"
    >
      <Link
        href={
          Object {
            "query": Object {
              "index": true,
              "substance": "5",
            },
          }
        }
      >
        <a>
          5
           
        </a>
      </Link>
    </li>
    <li
      className=""
      key="632"
    >
      <Link
        href={
          Object {
            "query": Object {
              "index": true,
              "substance": "6",
            },
          }
        }
      >
        <a>
          6
           
        </a>
      </Link>
    </li>
    <li
      className=""
      key="733"
    >
      <Link
        href={
          Object {
            "query": Object {
              "index": true,
              "substance": "7",
            },
          }
        }
      >
        <a>
          7
           
        </a>
      </Link>
    </li>
    <li
      className=""
      key="834"
    >
      <Link
        href={
          Object {
            "query": Object {
              "index": true,
              "substance": "8",
            },
          }
        }
      >
        <a>
          8
           
        </a>
      </Link>
    </li>
    <li
      className=""
      key="935"
    >
      <Link
        href={
          Object {
            "query": Object {
              "index": true,
              "substance": "9",
            },
          }
        }
      >
        <a>
          9
           
        </a>
      </Link>
    </li>
  </ul>
</styled.nav>
`;
