// Jest Snapshot v1, https://goo.gl/fbAQLP

exports[`DrugListStructuredData should render 1`] = `
<script
  dangerouslySetInnerHTML={
    Object {
      "__html": "{\\"@context\\":\\"https://schema.org\\",\\"@type\\":\\"ItemList\\",\\"itemListElement\\":[{\\"@type\\":\\"ListItem\\",\\"position\\":0,\\"item\\":{\\"@type\\":\\"Drug\\",\\"name\\":\\"First cool drug\\",\\"url\\":\\"https://products.mhra.gov.uk/product?product=First%20cool%20drug\\"}},{\\"@type\\":\\"ListItem\\",\\"position\\":1,\\"item\\":{\\"@type\\":\\"Drug\\",\\"name\\":\\"Second cool drug\\",\\"url\\":\\"https://products.mhra.gov.uk/product?product=Second%20cool%20drug\\"}}]}",
    }
  }
  type="application/ld+json"
/>
`;

exports[`DrugStructuredData should render 1`] = `
<script
  dangerouslySetInnerHTML={
    Object {
      "__html": "{\\"@context\\":\\"https://schema.org\\",\\"@type\\":\\"Drug\\",\\"name\\":\\"My cool drug\\"}",
    }
  }
  type="application/ld+json"
/>
`;

exports[`SubstanceListStructuredData should render 1`] = `
<script
  dangerouslySetInnerHTML={
    Object {
      "__html": "{\\"@context\\":\\"https://schema.org\\",\\"@type\\":\\"ItemList\\",\\"itemListElement\\":[{\\"@type\\":\\"ListItem\\",\\"position\\":0,\\"item\\":{\\"@type\\":\\"Substance\\",\\"name\\":\\"First cool substance\\",\\"url\\":\\"https://products.mhra.gov.uk/substance?substance=First%20cool%20substance\\"}},{\\"@type\\":\\"ListItem\\",\\"position\\":1,\\"item\\":{\\"@type\\":\\"Substance\\",\\"name\\":\\"Second cool substance\\",\\"url\\":\\"https://products.mhra.gov.uk/substance?substance=Second%20cool%20substance\\"}}]}",
    }
  }
  type="application/ld+json"
/>
`;

exports[`SubstanceStructuredData should render 1`] = `
<script
  dangerouslySetInnerHTML={
    Object {
      "__html": "{\\"@context\\":\\"https://schema.org\\",\\"@type\\":\\"Substance\\",\\"name\\":\\"My cool substance\\"}",
    }
  }
  type="application/ld+json"
/>
`;
