// Jest Snapshot v1, https://goo.gl/fbAQLP

exports[`header should render 1`] = `
<styled.header>
  <div
    className="wrapper"
  >
    <styled.div>
      <ForwardRef
        href="/"
      >
        <a>
          <SvgMhraLogo />
        </a>
      </ForwardRef>
    </styled.div>
    <h1>
      MHRA
    </h1>
  </div>
</styled.header>
`;
