// Jest Snapshot v1, https://goo.gl/fbAQLP

exports[`YellowCard should render 1`] = `
<styled.section>
  <header
    aria-label="Yellow card"
    role="img"
  >
    <styled.h2>
      Yellow Card
    </styled.h2>
  </header>
  <div
    className="action-bar"
  >
    <styled.div
      role="img"
    >
      <div>
        <SvgYellowCard />
      </div>
    </styled.div>
    <p>
      Report a side effect with a medicine or medical device
    </p>
    <a
      className="primary-button"
      href="https://yellowcard.mhra.gov.uk/"
      title="Yellow Card"
    >
      Make a report
    </a>
  </div>
</styled.section>
`;
